sample: 262144 bytes; repeat distances: 8 12 20 28 52 68
  no program: 77451 bytes on the sample
  try DELTA(2-byte LE, offset 0, stride 34): 73344
  try DELTA(4-byte LE, offset 2, stride 17): 73345
  try DELTA(2-byte LE, offset 0, stride 26): 73312
  try DELTA(4-byte LE, offset 2, stride 13): 73314
  step   0: 73312 -> 73138  ORD0 => ORD1+B6352
  step   7: 73138 -> 72861  ORD8 => COL2
  step  10: 72861 -> 72822  match length => 5
  step  33: 72822 -> 72714  WORD+WORD2 => COL596+B1667&0F+B1668&F0
  step  34: 72714 -> 72683  ORD12 => GRAD(3,1192)
  step  41: 72683 -> 72620  B1+B3 => B7&DF+B596
  step  53: 72620 -> 72488  WORD => COL20
  step  69: 72488 -> 72422  mixer select => B6
  step  72: 72422 -> 72395  B1+WORD2 => ORD2+B8
  step  96: 72395 -> 72363  COL596+B1667&0F+B1668&F0 => COL2+COL8
  step 123: 72363 -> 72340  correction => AVG(3,2988)+ORD4
  step 196: 72340 -> 72311  B7&DF+B596 => B1192+B1&E0
  step 368: 72311 -> 72287  B1192+B1&E0 => B1192+B1&E0+B8&FC
  step 374: 72287 -> 72261  COL20 => COL20+AVG(1,2)&C0
  step 383: 72261 -> 72226  correction => AVG(3,2988)+WORD
  step 451: 72226 -> 72162  B1192+B1&E0+B8&FC => B1192+B1&E0+B8&FC+COL8
  step 503: 72162 -> 72138  mixer select => B2&80
  prune GRAD(3,1192): 72138 -> 72124
  prune ORD2+B8: 72124 -> 72121
  prune ORD1+B6352: 72121 -> 72123
  prune B2+B3: 72121 -> 72114
  prune COL20+AVG(1,2)&C0: 72114 -> 72135
  prune COL2: 72114 -> 72136
search: 501 evaluations, 203.6 s
program : DELTA(2-byte LE, offset 0, stride 26)
contexts: ORD1 ORD2 ORD3 ORD4 ORD5 ORD6 COL2+COL8 B1192+B1&E0+B8&FC+COL8
mixer select: B2&80   correction: AVG(3,2988)+WORD   match length: 5
1600000 -> 438908 bytes (2.195 bits/byte), 206.3 s
