sample: 262144 bytes; repeat distances: 8 12 20 28 52 68
  no program: 77451 bytes on the sample
  try DELTA(2-byte LE, offset 0, stride 34): 73344
  try DELTA(4-byte LE, offset 2, stride 17): 73345
  try DELTA(2-byte LE, offset 0, stride 26): 73312
  try DELTA(4-byte LE, offset 2, stride 13): 73314
  step   0: 73312 -> 73138  ORD0 => ORD1+B6352
  step   7: 73138 -> 72861  ORD8 => COL2
  step  10: 72861 -> 72822  match length => 5
  step  33: 72822 -> 72714  WORD+WORD2 => COL596+B1667&0F+B1668&F0
  step  34: 72714 -> 72683  ORD12 => GRAD(3,1192)
  step  41: 72683 -> 72620  B1+B3 => B7&DF+B596
  step  53: 72620 -> 72488  WORD => COL20
  step  69: 72488 -> 72422  mixer select => B6
  step  72: 72422 -> 72395  B1+WORD2 => ORD2+B8
  step  96: 72395 -> 72363  COL596+B1667&0F+B1668&F0 => COL2+COL8
  step 123: 72363 -> 72340  correction => AVG(3,2988)+ORD4
  prune GRAD(3,1192): 72340 -> 72329
  prune ORD2+B8: 72329 -> 72335
  prune ORD1+B6352: 72329 -> 72341
  prune B7&DF+B596: 72329 -> 72349
  prune B2+B3: 72329 -> 72335
  prune COL2: 72329 -> 72332
  prune ORD6: 72329 -> 72314
  prune ORD5: 72314 -> 72293
  prune ORD2: 72293 -> 72274
  prune ORD1: 72274 -> 72266
search: 139 evaluations, 55.7 s
program : DELTA(2-byte LE, offset 0, stride 26)
contexts: ORD3 ORD4 COL20 COL2+COL8
mixer select: B6   correction: AVG(3,2988)+ORD4   match length: 5
1600000 -> 439282 bytes (2.196 bits/byte), 57.5 s
