sample: 262144 bytes; repeat distances: 4950 990 198 693 99 616
  no program: 69926 bytes on the sample
  step   0: 69926 -> 67097  ORD0 => ORD1+B198
  step   3: 67097 -> 66696  ORD4 => AVG(3,4950)&E0
  step   7: 66696 -> 65988  ORD8 => COL2
  step   8: 65988 -> 61887  B2+B3 => ORD1+AVG(2,3)&C0+UP2
  step   9: 61887 -> 60702  AVG(3,4950)&E0 => ORD1+AVG(2,3)&C0+UP2+B100
  step  10: 60702 -> 60489  match length => 5
  step  11: 60489 -> 60260  B1+WORD2 => B1+WORD2+COL990
  step  17: 60260 -> 60039  ORD1 => ORD1/10
  step  27: 60039 -> 59977  WORD+WORD2 => WORD+WORD2+UP2
  step  33: 59977 -> 59485  WORD+WORD2+UP2 => COL990+B615&0F+B616&F0
  step  34: 59485 -> 58348  ORD12 => GRAD(3,1980)
  step  41: 58348 -> 57460  B1+B3 => B7&DF+B990
  step  43: 57460 -> 57143  WORD => WORD+B198
  step  45: 57143 -> 57048  COL2 => COL2/3
  step  47: 57048 -> 56723  ORD1/10 => ORD1/5
  step  48: 56723 -> 53785  COL2/3 => LINECOL/3
  step  51: 53785 -> 51807  match length => 3
  step  53: 51807 -> 42448  ORD5 => UP0+B990
  step  55: 42448 -> 41271  WORD+B198 => COL4950+B198
  step  60: 41271 -> 41225  COL990+B615&0F+B616&F0 => ORD5+B615&0F+B616&F0
  step  61: 41225 -> 41026  ORD1+B198 => B4950+COL99
  step  62: 41026 -> 40202  ORD1+AVG(2,3)&C0+UP2 => ORD2+AVG(2,3)&C0+UP2
  step  64: 40202 -> 40179  ORD1+AVG(2,3)&C0+UP2+B100 => B6
  step  69: 40179 -> 40150  B1+WORD2+COL990 => B990&F0
  step  72: 40150 -> 39056  mixer select => B6
  step  75: 39056 -> 39012  B990&F0 => ORD2+B8
  step  76: 39012 -> 38933  correction => B99&C0
  step  99: 38933 -> 38604  ORD5+B615&0F+B616&F0 => LINECOL+COL8/3
  step 100: 38604 -> 38526  GRAD(3,1980) => GRAD(3,1980)+ORD3
  step 101: 38526 -> 38325  ORD2 => COL4950+B198+B7&FC
  step 109: 38325 -> 37507  COL4950+B198 => GRAD(4,2)&E0+B198
  step 118: 37507 -> 37485  GRAD(3,1980)+ORD3 => GRAD(3,1980)+ORD3/7
  step 120: 37485 -> 37015  ORD6 => GRAD(4,2)&E0+B198+B693
  step 125: 37015 -> 36849  B6 => B7&DF+B990+B99
  step 132: 36849 -> 36243  B7&DF+B990 => B7&DF+B990+B4950
  step 155: 36243 -> 36193  GRAD(3,1980)+ORD3/7 => GRAD(3,1980)+ORD3+B4&E0/7
  step 165: 36193 -> 35831  B7&DF+B990+B4950 => UP1+B1232+B4950
  step 176: 35831 -> 35328  UP0+B990 => GRAD(4,2)&E0+B198+B693+UP0
  step 180: 35328 -> 34517  COL4950+B198+B7&FC => UP0+B7+B2
  step 181: 34517 -> 34213  GRAD(4,2)&E0+B198 => GRAD(4,2)&E0+B198/7
  step 190: 34213 -> 33709  ORD1/5 => ORD1+UP0/5
  step 192: 33709 -> 30187  UP0+B7+B2 => UP0+B7+B4&E0
  step 198: 30187 -> 30100  UP1+B1232+B4950 => UP1+B1232+B4950/7
  step 199: 30100 -> 30000  B7&DF+B990+B99 => B7&DF+B990+B99/5
  step 213: 30000 -> 29038  GRAD(4,2)&E0+B198+B693+UP0 => GRAD(4,2)&E0+B198+B693+UP0/5
  step 218: 29038 -> 29009  B7&DF+B990+B99/5 => B7&DF+B990+B99/3
  step 226: 29009 -> 28207  UP0+B7+B4&E0 => UP0+B7+B4&E0/7
  step 231: 28207 -> 26927  ORD1+UP0/5 => ORD1+UP0+UP2/5
  step 236: 26927 -> 26880  correction => B1231
  step 242: 26880 -> 26797  GRAD(4,2)&E0+B198/7 => GRAD(4,2)&E0+B198/5
  step 244: 26797 -> 26761  ORD2+B8 => GRAD(4,2)&E0+B198+B198/5
  step 249: 26761 -> 26620  GRAD(4,2)&E0+B198+B693 => GRAD(4,2)&E0+B198+B5/5
  step 263: 26620 -> 26592  B4950+COL99 => UP1+B1232+B4950+B4950/7
  step 264: 26592 -> 25250  ORD2+AVG(2,3)&C0+UP2 => B7&DF+B990+B99+B396/3
  step 267: 25250 -> 25240  GRAD(4,2)&E0+B198+B198/5 => B5&F0+B198+B198/5
  step 277: 25240 -> 25200  B5&F0+B198+B198/5 => ORD6/5
  step 278: 25200 -> 25027  LINECOL/3 => LINECOL/5
  step 285: 25027 -> 25015  B7&DF+B990+B99/3 => B7&DF+B99/3
  step 290: 25015 -> 24911  B7&DF+B990+B99+B396/3 => B1232+B990+B99+B396/3
  step 296: 24911 -> 24753  UP1+B1232+B4950+B4950/7 => UP1+B1232+GRAD(1,5)&E0+B4950/7
  step 312: 24753 -> 24744  UP1+B1232+B4950/7 => UP1+B1232+B4950/3
  step 317: 24744 -> 24497  correction => LINECOL
  step 323: 24497 -> 24489  UP1+B1232+GRAD(1,5)&E0+B4950/7 => UP1+B1232+GRAD(1,5)&E0+B4950/5
  step 324: 24489 -> 24421  GRAD(3,1980)+ORD3+B4&E0/7 => GRAD(3,1980)+ORD3+B4&E0+UP1/7
  step 332: 24421 -> 24345  GRAD(3,1980)+ORD3+B4&E0+UP1/7 => GRAD(3,1980)+UP1+B4&E0/7
  step 370: 24345 -> 24273  ORD6/5 => B4/5
  step 379: 24273 -> 24002  ORD1+UP0+UP2/5 => ORD1+UP0+UP2
  step 384: 24002 -> 23970  GRAD(4,2)&E0+B198+B5/5 => GRAD(4,2)&E0+B198+B5/3
  step 399: 23970 -> 23959  GRAD(3,1980)+UP1+B4&E0/7 => GRAD(3,1980)+UP1+B4&E0/5
  step 411: 23959 -> 23410  GRAD(4,2)&E0+B198+B5/3 => UP0+B7+B4&E0+COL2/7
  step 415: 23410 -> 23401  UP1+B1232+B4950/3 => UP1+B1232+B4950+B990&E0/3
  step 418: 23401 -> 23349  B7&DF+B99/3 => B7&DF+AVG(2,693)&F0/3
  step 431: 23349 -> 20233  ORD1+UP0+UP2 => ORD1+UP0+UP2+UP1
  step 434: 20233 -> 20073  GRAD(3,1980)+UP1+B4&E0/5 => GRAD(3,1980)+B3+B4&E0/5
  step 487: 20073 -> 20067  UP1+B1232+GRAD(1,5)&E0+B4950/5 => UP1+B1232+GRAD(1,5)&E0+B4950/3
  step 513: 20067 -> 20020  GRAD(4,2)&E0+B198/5 => B4+B198/5
  step 515: 20020 -> 20001  LINECOL+COL8/3 => LINECOL+B4/3
  step 522: 20001 -> 19973  UP1+B1232+B4950+B990&E0/3 => AVG(3,5)/3
  step 536: 19973 -> 19701  B7&DF+AVG(2,693)&F0/3 => UP0+AVG(2,198)/3
  step 539: 19701 -> 19579  UP0+B7+B4&E0/7 => UP0+B7+B4&E0+B98&F0/7
  step 550: 19579 -> 19448  AVG(3,5)/3 => AVG(3,5)+B99/3
  step 553: 19448 -> 19283  UP0+B7+B4&E0+B98&F0/7 => UP0+B7+B4&E0+B98&F0/5
  step 565: 19283 -> 19245  B4/5 => AVG(3,5)+B99+B616/3
  step 572: 19245 -> 18997  LINECOL+B4/3 => B8+B4/3
  step 583: 18997 -> 18716  UP0+AVG(2,198)/3 => UP0+AVG(2,198)+B6&E0/3
  step 587: 18716 -> 18706  ORD3 => ORD3/3
  step 592: 18706 -> 18668  AVG(3,5)+B99/3 => AVG(3,5)/3
search: 504 evaluations, 135.3 s
program : (none)
contexts: ORD1+UP0+UP2+UP1 UP0+B7+B4&E0+B98&F0/5 ORD3/3 UP0+AVG(2,198)+B6&E0/3 GRAD(4,2)&E0+B198+B693+UP0/5 UP0+B7+B4&E0+COL2/7 LINECOL/5 B4+B198/5 B8+B4/3 B1232+B990+B99+B396/3 AVG(3,5)/3 UP1+B1232+GRAD(1,5)&E0+B4950/3 AVG(3,5)+B99+B616/3 GRAD(3,1980)+B3+B4&E0/5
mixer select: B6   correction: LINECOL   match length: 3
2253751 -> 129158 bytes (0.458 bits/byte), 139.5 s
