sample: 262144 bytes; repeat distances: 16 5679 5791 7407 3615 3599
  no program: 56003 bytes on the sample
  try X86: 56908
  try DELTA(1-byte LE, offset 0, stride 16): 21712
  try DELTA(2-byte BE, offset 0, stride 8): 22095
  try DELTA(2-byte LE, offset 1, stride 8): 20609
  try DELTA(4-byte BE, offset 0, stride 4): 22170
  try DELTA(2-byte LE, offset 1, stride 8): 28397
  try DELTA(1-byte LE, offset 0, stride 16): 28999
  try DELTA(2-byte BE, offset 0, stride 8): 29188
  try DELTA(4-byte BE, offset 2, stride 4): 30149
  step   0: 20609 -> 20119  ORD0 => ORD1+B48
  step   2: 20119 -> 19728  ORD6 => ORD16
  step  11: 19728 -> 19639  B1+WORD2 => B1+WORD2+COL224
  step  28: 19639 -> 19632  B2+B3 => B2+B3/10
  step  32: 19632 -> 19532  ORD8 => ORD5+B448
  step  33: 19532 -> 19418  WORD+WORD2 => COL224+B607&0F+B608&F0
  step  41: 19418 -> 19378  B1+B3 => B7&DF+B224
  step  43: 19378 -> 19363  WORD => WORD+B48
  step  53: 19363 -> 19284  WORD+B48 => COL176+B48
  step  60: 19284 -> 19276  B2+B3/10 => B2+ORD2/10
  step  66: 19276 -> 19244  ORD12 => COL48
  step 105: 19244 -> 19216  ORD1+B48 => ORD1+B48+COL8
  step 124: 19216 -> 19207  B7&DF+B224 => B7&DF+B224+B6&DF
  step 129: 19207 -> 19186  ORD2 => ORD2/3
  step 147: 19186 -> 19167  B2+ORD2/10 => COL48+ORD4
  step 187: 19167 -> 19151  ORD1+B48+COL8 => ORD1+B48+COL8+B608
  step 283: 19151 -> 19145  match length => 7
  step 306: 19145 -> 19125  COL48 => COL48+ORD2
  step 378: 19125 -> 19118  COL48+ORD4 => ORD16+B6&C0
  prune ORD16+B6&C0: 19118 -> 19115
  prune COL224+B607&0F+B608&F0: 19115 -> 19108
  prune ORD5+B448: 19108 -> 19111
  prune ORD5: 19108 -> 19108
  prune ORD3: 19108 -> 19103
  prune ORD1: 19103 -> 19082
search: 522 evaluations, 170.9 s
program : DELTA(2-byte LE, offset 1, stride 8)
contexts: ORD2/3 ORD4 ORD16 COL176+B48 B7&DF+B224+B6&DF ORD1+B48+COL8+B608 B1+WORD2+COL224 COL48+ORD2
mixer select: B1   correction: ORD2   match length: 7
1600000 -> 111688 bytes (0.558 bits/byte), 173.3 s
