sample: 262144 bytes; repeat distances: 1024 1022 1026 2050 2046 1020
  no program: 56447 bytes on the sample
  try DELTA(1-byte LE, offset 0, stride 2): 58420
  try DELTA(2-byte LE, offset 1, stride 1): 58550
  try DELTA(2-byte BE, offset 0, stride 1): 58481
  try DELTA(1-byte LE, offset 0, stride 1024): 55920
  try DELTA(1-byte LE, offset 0, stride 2): 56918
  try DELTA(2-byte BE, offset 0, stride 1): 57034
  try DELTA(2-byte LE, offset 1, stride 1): 57074
  step   3: 55920 -> 55417  ORD8 => B8+B2+B2
  step  15: 55417 -> 55377  mixer select => B1+B3+ORD1
  step  18: 55377 -> 55339  B1+WORD2 => B1+B8
  step  32: 55339 -> 55309  B1+B3 => B3
  step  47: 55309 -> 54846  B1+B8 => B1022+B3&DF
  step  54: 54846 -> 54804  WORD => GRAD(2,6)&C0
  step  58: 54804 -> 54756  ORD0 => ORD0/3
  step  59: 54756 -> 54695  ORD12 => ORD4+B1028
  step  62: 54695 -> 54670  B3 => B1028/3
  step  70: 54670 -> 54634  GRAD(2,6)&C0 => GRAD(2,6)&C0+B2&80
  step  72: 54634 -> 54570  match length => 4
  step  75: 54570 -> 54510  B2+B3 => B2+B2056
  step  80: 54510 -> 54464  B1022+B3&DF => B1022
  step  81: 54464 -> 54382  B8+B2+B2 => B2044+B2+B2
  step  84: 54382 -> 54362  WORD+WORD2 => WORD+WORD2+COL10
  step  85: 54362 -> 54329  B1028/3 => B1028+B2/3
  step  98: 54329 -> 54277  B2+B2056 => B2+B2056+B1022
  step 107: 54277 -> 54157  B2+B2056+B1022 => B2+B1022
  prune ORD4+B1028: 54157 -> 54152
  prune WORD+WORD2+COL10: 54152 -> 54155
  prune ORD5: 54152 -> 54123
  prune ORD3: 54123 -> 54117
search: 144 evaluations, 53.5 s
program : DELTA(1-byte LE, offset 0, stride 1024)
contexts: ORD1 ORD2 ORD4 ORD6 B2044+B2+B2 GRAD(2,6)&C0+B2&80 B2+B1022 B1028+B2/3 ORD0/3 B1022
mixer select: B1+B3+ORD1   correction: ORD2   match length: 4
9970564 -> 1978546 bytes (1.588 bits/byte), 66.2 s
