sample: 262144 bytes; repeat distances: 28 8112 8056 1667 771 211
  no program: 170402 bytes on the sample
  try DELTA(4-byte LE, offset 3, stride 7): 188191
  try DELTA(1-byte LE, offset 0, stride 28): 190514
  try DELTA(2-byte LE, offset 1, stride 14): 190613
  try DELTA(2-byte BE, offset 0, stride 14): 193014
  step   0: 170402 -> 170326  ORD8 => ORD3+WORD
  step   3: 170326 -> 169716  ORD3+WORD => B8056+B2+B2
  step  14: 169716 -> 168000  ORD3 => B211+B29&DF
  step  18: 168000 -> 164768  B1+WORD2 => B1+B8
  step  33: 164768 -> 159217  ORD2 => B56
  step  47: 159217 -> 158102  ORD1 => ORD1+B28
  step  50: 158102 -> 157933  B211+B29&DF => B211+ORD1
  step  52: 157933 -> 157028  B211+ORD1 => B211
  step  54: 157028 -> 153248  ORD0 => B56+B28
  step  69: 153248 -> 150651  B8056+B2+B2 => ORD2
  step  71: 150651 -> 150565  WORD => B8&DF
  step  74: 150565 -> 150411  match length => 4
  prune ORD12: 150411 -> 150391
  prune WORD+WORD2: 150391 -> 150354
  prune ORD6: 150354 -> 150338
  prune ORD5: 150338 -> 150295
search: 140 evaluations, 77.1 s
program : (none)
contexts: ORD1+B28 B56 B211 ORD4 ORD2 B8&DF B2+B3 B1+B3 B56+B28 B1+B8
mixer select: B1   correction: ORD2   match length: 4
7251944 -> 3898447 bytes (4.301 bits/byte), 92.8 s
