sample: 262144 bytes; repeat distances: 70 9 201 79 82 12
  no program: 11833 bytes on the sample
  step   0: 11833 -> 11766  ORD0 => ORD1+B201
  step   2: 11766 -> 11646  ORD6 => ORD16
  step   7: 11646 -> 11621  ORD8 => COL2
  step   8: 11621 -> 11497  B2+B3 => ORD1+AVG(2,3)&C0+UP2
  step   9: 11497 -> 11386  ORD4 => ORD1+AVG(2,3)&C0+UP2+B83
  step  10: 11386 -> 11370  match length => 5
  step  20: 11370 -> 11287  match length => 32
  step  21: 11287 -> 11170  ORD3 => ORD3+WORD2
  step  27: 11170 -> 11142  WORD+WORD2 => WORD+WORD2+UP2
  step  28: 11142 -> 11138  ORD1+AVG(2,3)&C0+UP2 => ORD1+AVG(2,3)&C0+UP2/10
  step  32: 11138 -> 11019  COL2 => ORD5+B18
  step  34: 11019 -> 11015  ORD12 => GRAD(3,18)
  step  35: 11015 -> 11011  ORD1+AVG(2,3)&C0+UP2/10 => ORD1+UP2/10
  step  39: 11011 -> 10960  ORD1+B201 => ORD1+GRAD(2,8)
  step  41: 10960 -> 10817  B1+B3 => B7&DF+B9
  step  47: 10817 -> 10803  ORD1 => ORD1/5
  step  48: 10803 -> 10355  ORD5+B18 => LINECOL+B18
  step  53: 10355 -> 9818  ORD5 => UP0+B9
  step  54: 9818 -> 9809  WORD => B79&80
  step  59: 9809 -> 9713  ORD2 => ORD4+WORD+B1&E0
  step  60: 9713 -> 9517  ORD3+WORD2 => ORD3+WORD2+B70
  step  70: 9517 -> 9366  WORD+WORD2+UP2 => WORD+WORD2+UP2+LINECOL
  step  71: 9366 -> 9334  mixer select => B6
  step  74: 9334 -> 9304  B1+WORD2 => ORD4+WORD+B1&E0+B8
  step  82: 9304 -> 9300  B7&DF+B9 => B7&DF+B9/3
  step  85: 9300 -> 9146  ORD1+AVG(2,3)&C0+UP2+B83 => ORD1+GRAD(2,8)+ORD24
  step  88: 9146 -> 9125  match length => 5
  step  96: 9125 -> 9111  GRAD(3,18) => GRAD(3,18)+B23
  step  97: 9111 -> 9103  ORD1+GRAD(2,8) => WORD
  step  99: 9103 -> 9055  GRAD(3,18)+B23 => GRAD(3,18)+B23+ORD3
  step 115: 9055 -> 9051  match length => 16
  step 142: 9051 -> 9036  LINECOL+B18 => LINECOL+B18+B6
  step 150: 9036 -> 9032  match length => 24
  step 165: 9032 -> 9018  B7&DF+B9/3 => UP1+B24+B70/3
  step 180: 9018 -> 8939  ORD4+WORD+B1&E0 => UP0+B7+B2
  step 185: 8939 -> 8936  ORD3+WORD2+B70 => ORD3+WORD2+B70+GRAD(3,70)&E0
  step 195: 8936 -> 8918  ORD1+UP2/10 => ORD1+UP2+AVG(4,1)/10
  step 197: 8918 -> 8915  B79&80 => B201
  step 213: 8915 -> 8908  match length => 6
  step 228: 8908 -> 8899  match length => 5
  step 242: 8899 -> 8894  correction => UP1+B24+B70+WORD2
  step 267: 8894 -> 8873  ORD4+WORD+B1&E0+B8 => ORD4+WORD+B1&E0+B5&F0
  step 268: 8873 -> 8803  ORD1+UP2+AVG(4,1)/10 => UP1+B24+B70+ORD24/3
  step 269: 8803 -> 8789  ORD4+WORD+B1&E0+B5&F0 => ORD4+WORD+B1&E0+WORD
  step 270: 8789 -> 8784  correction => UP0+B9+WORD2
  step 282: 8784 -> 8740  UP0+B9 => UP0+B9+GRAD(3,5)&F0
  step 318: 8740 -> 8722  correction => UP0+B9+LINECOL
  step 326: 8722 -> 8714  correction => UP0+B82&F0+LINECOL
  step 363: 8714 -> 8680  UP0+B9+GRAD(3,5)&F0 => UP0+B9+GRAD(3,5)&F0+B1
  step 369: 8680 -> 8667  WORD+WORD2+UP2+LINECOL => LINECOL+WORD2+UP2
  step 400: 8667 -> 8652  UP1+B24+B70/3 => UP1+B24+B70+B2/3
  step 450: 8652 -> 8638  mixer select => B4
  step 451: 8638 -> 8635  ORD1/5 => ORD1/7
  step 452: 8635 -> 8626  LINECOL+B18+B6 => LINECOL+B18+LINECOL
  step 458: 8626 -> 8570  UP0+B7+B2 => UP0+B7+UP1
  step 480: 8570 -> 8564  UP1+B24+B70+ORD24/3 => UP1+B24+B70+ORD24/7
  step 482: 8564 -> 8555  WORD => WORD+B3&FC
  step 504: 8555 -> 8552  UP1+B24+B70+B2/3 => WORD+B3&FC+UP0
  step 506: 8552 -> 8512  ORD1+GRAD(2,8)+ORD24 => LINECOL+B18+LINECOL+UP0
  step 523: 8512 -> 8491  UP0+B7+UP1 => UP0+B7+UP1+B4
  step 525: 8491 -> 8478  WORD+B3&FC+UP0 => WORD+ORD1+UP0
  step 574: 8478 -> 8471  match length => 8
  prune LINECOL+B18+LINECOL: 8471 -> 8468
search: 490 evaluations, 183.7 s
program : (none)
contexts: ORD1/7 UP0+B7+UP1+B4 ORD3+WORD2+B70+GRAD(3,70)&E0 LINECOL+B18+LINECOL+UP0 UP0+B9+GRAD(3,5)&F0+B1 ORD16 B201 LINECOL+WORD2+UP2 UP1+B24+B70+ORD24/7 WORD+ORD1+UP0 WORD+B3&FC ORD4+WORD+B1&E0+WORD GRAD(3,18)+B23+ORD3
mixer select: B4   correction: UP0+B82&F0+LINECOL   match length: 8
33553445 -> 985055 bytes (0.235 bits/byte), 237.0 s
