sample: 262144 bytes; repeat distances: 6 92 8 7 5 93
  no program: 73128 bytes on the sample
  step   0: 73128 -> 72596  ORD0 => ORD1+B8
  step   7: 72596 -> 72261  ORD8 => COL2
  step  10: 72261 -> 72188  match length => 5
  step  18: 72188 -> 71790  ORD6 => COL2+B4&FC
  step  41: 71790 -> 71491  B1+B3 => B7&DF+B92
  step  52: 71491 -> 71466  WORD => B7&80
  step  62: 71466 -> 71325  B1+WORD2 => ORD1+WORD
  step  69: 71325 -> 70950  mixer select => B6
  step  72: 70950 -> 70807  ORD1+WORD => ORD2+B8
  step  73: 70807 -> 70267  correction => B5&C0
  step 104: 70267 -> 70139  ORD1+B8 => ORD1+B8+COL8
  step 109: 70139 -> 70015  B7&DF+B92 => B7&DF
  step 124: 70015 -> 69709  ORD4 => B7&DF+B5
  step 138: 69709 -> 69608  COL2 => COL2+B6
  step 174: 69608 -> 69338  COL2+B6 => B5&F0+COL2+B6
  step 192: 69338 -> 69192  B7&80 => B7&80+B8
  step 236: 69192 -> 69128  B2+B3 => COL2+B4&FC+ORD4
  step 251: 69128 -> 68947  match length => 3
  step 266: 68947 -> 68879  B7&80+B8 => B7&80+B8+AVG(3,8)&E0
  step 277: 68879 -> 68845  COL2+B4&FC => B14&FC+B4&FC
  step 278: 68845 -> 68780  ORD1+B8+COL8 => ORD1+B8+COL8+B7
  step 284: 68780 -> 68626  ORD2+B8 => ORD2+AVG(2,4)&E0
  step 305: 68626 -> 68589  COL2+B4&FC+ORD4 => ORD4
  step 346: 68589 -> 68537  WORD+WORD2 => WORD+B3
  step 367: 68537 -> 68495  B7&DF => B7&DF+B8&FC
  step 373: 68495 -> 68445  B7&80+B8+AVG(3,8)&E0 => B7&80+B8+AVG(3,8)&E0+AVG(1,2)&C0
  step 417: 68445 -> 68411  B5&F0+COL2+B6 => B5&F0+B4+B6
  step 429: 68411 -> 68382  B5&F0+B4+B6 => B8+B4+B6
  step 446: 68382 -> 68315  ORD1+B8+COL8+B7 => ORD1+B8+B7
  step 453: 68315 -> 68243  B7&DF+B8&FC => B7&DF+B8&FC+COL8
  step 536: 68243 -> 68213  B7&DF+B8&FC+COL8 => B8+B8&FC+COL8
  step 566: 68213 -> 68052  ORD1+B8+B7 => ORD1+B7
search: 497 evaluations, 253.9 s
program : (none)
contexts: ORD1 ORD2 ORD3 B7&DF+B5 ORD5 B14&FC+B4&FC B8+B4+B6 B7&80+B8+AVG(3,8)&E0+AVG(1,2)&C0 WORD+B3 ORD4 B8+B8&FC+COL8 ORD1+B7 ORD2+AVG(2,4)&E0 ORD12
mixer select: B6   correction: B5&C0   match length: 3
10085684 -> 2176902 bytes (1.727 bits/byte), 277.9 s
