sample: 262144 bytes; repeat distances: 5 8 9 12 13 11
  no program: 38353 bytes on the sample
  step   7: 38353 -> 38323  ORD8 => COL2
  step   8: 38323 -> 38164  B2+B3 => ORD1+AVG(2,3)&C0+UP2
  step  11: 38164 -> 38014  B1+WORD2 => B1+WORD2+COL8
  step  17: 38014 -> 37993  ORD1 => ORD1/10
  step  28: 37993 -> 37982  ORD1+AVG(2,3)&C0+UP2 => ORD1+AVG(2,3)&C0+UP2/10
  step  33: 37982 -> 37659  WORD+WORD2 => COL8+B10&0F+B11&F0
  step  34: 37659 -> 37577  ORD12 => GRAD(3,16)
  step  40: 37577 -> 37535  B1+WORD2+COL8 => B1+WORD2+COL8+B8
  step  48: 37535 -> 37499  ORD1/10 => ORD1/5
  step  49: 37499 -> 37334  COL2 => LINECOL
  step  53: 37334 -> 37310  correction => B4&E0
  step  68: 37310 -> 37210  COL8+B10&0F+B11&F0 => COL8+B10&0F+B11&F0+LINECOL
  step  86: 37210 -> 37173  match length => 5
  step  94: 37173 -> 37103  GRAD(3,16) => GRAD(3,16)+B21
  step 130: 37103 -> 37029  ORD2 => ORD2/3
  step 151: 37029 -> 37016  ORD1+AVG(2,3)&C0+UP2/10 => GRAD(3,16)+B21+ORD4
  step 157: 37016 -> 36977  GRAD(3,16)+B21 => GRAD(3,16)+B21+B4&E0
  step 166: 36977 -> 36957  correction => B4&E0+B1
  step 183: 36957 -> 36923  WORD => WORD/7
  step 220: 36923 -> 36910  ORD4 => ORD4/3
  step 224: 36910 -> 36751  GRAD(3,16)+B21+ORD4 => GRAD(3,16)+B21+B4&E0+B11
  step 226: 36751 -> 36682  B1+WORD2+COL8+B8 => B1+WORD2+B8&0F+B8
  step 257: 36682 -> 36603  match length => 3
  step 270: 36603 -> 36545  B1+WORD2+B8&0F+B8 => B1+WORD2+B8&0F+WORD
  step 289: 36545 -> 36523  GRAD(3,16)+B21+B4&E0 => ORD12+UP1+COL8
  step 380: 36523 -> 36463  ORD12+UP1+COL8 => B7+UP1+COL8
  step 418: 36463 -> 36421  COL8+B10&0F+B11&F0+LINECOL => B12+B10&0F+B11&F0+LINECOL
  step 585: 36421 -> 36387  B7+UP1+COL8 => B7+UP0+COL8
  step 591: 36387 -> 36357  B12+B10&0F+B11&F0+LINECOL => B12+B10&0F+B11&F0+WORD2
search: 472 evaluations, 188.5 s
program : (none)
contexts: ORD1/5 ORD2/3 ORD3 ORD4/3 ORD5 ORD6 LINECOL WORD/7 B12+B10&0F+B11&F0+WORD2 GRAD(3,16)+B21+B4&E0+B11 B1+B3 ORD0 B1+WORD2+B8&0F+WORD B7+UP0+COL8
mixer select: B1   correction: B4&E0+B1   match length: 3
21606400 -> 3108966 bytes (1.151 bits/byte), 228.9 s
