sample: 262144 bytes; repeat distances: 11 15 14 10 5 24
  no program: 57807 bytes on the sample
  step   8: 57807 -> 57737  B2+B3 => ORD1+AVG(2,3)&C0+UP2
  step  10: 57737 -> 57698  match length => 5
  step  48: 57698 -> 57654  ORD1 => ORD1/5
  step  49: 57654 -> 56978  ORD8 => LINECOL
  step 128: 56978 -> 56951  ORD2 => ORD2/3
  step 178: 56951 -> 56929  WORD => WORD/7
  step 209: 56929 -> 56886  match length => 3
  step 220: 56886 -> 56868  ORD2/3 => ORD2/7
  step 293: 56868 -> 56849  WORD+WORD2 => WORD
  step 363: 56849 -> 56814  mixer select => B1+B2&DF
  step 422: 56814 -> 56787  WORD/7 => WORD/5
  step 485: 56787 -> 56746  ORD0 => ORD0/3
  step 494: 56746 -> 56725  WORD => WORD+ORD2
search: 482 evaluations, 208.4 s
program : (none)
contexts: ORD1/5 ORD2/7 ORD3 ORD4 ORD5 ORD6 LINECOL WORD/5 WORD+ORD2 ORD1+AVG(2,3)&C0+UP2 B1+B3 ORD0/3 B1+WORD2 ORD12
mixer select: B1+B2&DF   correction: ORD2   match length: 3
41458703 -> 5738891 bytes (1.107 bits/byte), 287.6 s
